Archive member included to satisfy reference by file (symbol)

C:/ST/STM32CubeIDE_1.19.0/STM32CubeIDE/plugins/com.st.stm32cube.ide.mcu.externaltools.gnu-tools-for-stm32.13.3.rel1.win32_1.0.0.202411081344/tools/bin/../lib/gcc/arm-none-eabi/13.3.1/../../../../arm-none-eabi/lib/thumb/v7e-m+fp/hard\libc_nano.a(libc_a-exit.o)
                              C:/ST/STM32CubeIDE_1.19.0/STM32CubeIDE/plugins/com.st.stm32cube.ide.mcu.externaltools.gnu-tools-for-stm32.13.3.rel1.win32_1.0.0.202411081344/tools/bin/../lib/gcc/arm-none-eabi/13.3.1/../../../../arm-none-eabi/lib/thumb/v7e-m+fp/hard/crt0.o (exit)
C:/ST/STM32CubeIDE_1.19.0/STM32CubeIDE/plugins/com.st.stm32cube.ide.mcu.externaltools.gnu-tools-for-stm32.13.3.rel1.win32_1.0.0.202411081344/tools/bin/../lib/gcc/arm-none-eabi/13.3.1/../../../../arm-none-eabi/lib/thumb/v7e-m+fp/hard\libc_nano.a(libc_a-findfp.o)
                              C:/ST/STM32CubeIDE_1.19.0/STM32CubeIDE/plugins/com.st.stm32cube.ide.mcu.externaltools.gnu-tools-for-stm32.13.3.rel1.win32_1.0.0.202411081344/tools/bin/../lib/gcc/arm-none-eabi/13.3.1/../../../../arm-none-eabi/lib/thumb/v7e-m+fp/hard\libc_nano.a(libc_a-exit.o) (__stdio_exit_handler)
C:/ST/STM32CubeIDE_1.19.0/STM32CubeIDE/plugins/com.st.stm32cube.ide.mcu.externaltools.gnu-tools-for-stm32.13.3.rel1.win32_1.0.0.202411081344/tools/bin/../lib/gcc/arm-none-eabi/13.3.1/../../../../arm-none-eabi/lib/thumb/v7e-m+fp/hard\libc_nano.a(libc_a-fwalk.o)
                              C:/ST/STM32CubeIDE_1.19.0/STM32CubeIDE/plugins/com.st.stm32cube.ide.mcu.externaltools.gnu-tools-for-stm32.13.3.rel1.win32_1.0.0.202411081344/tools/bin/../lib/gcc/arm-none-eabi/13.3.1/../../../../arm-none-eabi/lib/thumb/v7e-m+fp/hard\libc_nano.a(libc_a-findfp.o) (_fwalk_sglue)
C:/ST/STM32CubeIDE_1.19.0/STM32CubeIDE/plugins/com.st.stm32cube.ide.mcu.externaltools.gnu-tools-for-stm32.13.3.rel1.win32_1.0.0.202411081344/tools/bin/../lib/gcc/arm-none-eabi/13.3.1/../../../../arm-none-eabi/lib/thumb/v7e-m+fp/hard\libc_nano.a(libc_a-stdio.o)
                              C:/ST/STM32CubeIDE_1.19.0/STM32CubeIDE/plugins/com.st.stm32cube.ide.mcu.externaltools.gnu-tools-for-stm32.13.3.rel1.win32_1.0.0.202411081344/tools/bin/../lib/gcc/arm-none-eabi/13.3.1/../../../../arm-none-eabi/lib/thumb/v7e-m+fp/hard\libc_nano.a(libc_a-findfp.o) (__sread)
C:/ST/STM32CubeIDE_1.19.0/STM32CubeIDE/plugins/com.st.stm32cube.ide.mcu.externaltools.gnu-tools-for-stm32.13.3.rel1.win32_1.0.0.202411081344/tools/bin/../lib/gcc/arm-none-eabi/13.3.1/../../../../arm-none-eabi/lib/thumb/v7e-m+fp/hard\libc_nano.a(libc_a-memset.o)
                              C:/ST/STM32CubeIDE_1.19.0/STM32CubeIDE/plugins/com.st.stm32cube.ide.mcu.externaltools.gnu-tools-for-stm32.13.3.rel1.win32_1.0.0.202411081344/tools/bin/../lib/gcc/arm-none-eabi/13.3.1/../../../../arm-none-eabi/lib/thumb/v7e-m+fp/hard/crt0.o (memset)
C:/ST/STM32CubeIDE_1.19.0/STM32CubeIDE/plugins/com.st.stm32cube.ide.mcu.externaltools.gnu-tools-for-stm32.13.3.rel1.win32_1.0.0.202411081344/tools/bin/../lib/gcc/arm-none-eabi/13.3.1/../../../../arm-none-eabi/lib/thumb/v7e-m+fp/hard\libc_nano.a(libc_a-closer.o)
                              C:/ST/STM32CubeIDE_1.19.0/STM32CubeIDE/plugins/com.st.stm32cube.ide.mcu.externaltools.gnu-tools-for-stm32.13.3.rel1.win32_1.0.0.202411081344/tools/bin/../lib/gcc/arm-none-eabi/13.3.1/../../../../arm-none-eabi/lib/thumb/v7e-m+fp/hard\libc_nano.a(libc_a-stdio.o) (_close_r)
C:/ST/STM32CubeIDE_1.19.0/STM32CubeIDE/plugins/com.st.stm32cube.ide.mcu.externaltools.gnu-tools-for-stm32.13.3.rel1.win32_1.0.0.202411081344/tools/bin/../lib/gcc/arm-none-eabi/13.3.1/../../../../arm-none-eabi/lib/thumb/v7e-m+fp/hard\libc_nano.a(libc_a-reent.o)
                              C:/ST/STM32CubeIDE_1.19.0/STM32CubeIDE/plugins/com.st.stm32cube.ide.mcu.externaltools.gnu-tools-for-stm32.13.3.rel1.win32_1.0.0.202411081344/tools/bin/../lib/gcc/arm-none-eabi/13.3.1/../../../../arm-none-eabi/lib/thumb/v7e-m+fp/hard\libc_nano.a(libc_a-closer.o) (errno)
C:/ST/STM32CubeIDE_1.19.0/STM32CubeIDE/plugins/com.st.stm32cube.ide.mcu.externaltools.gnu-tools-for-stm32.13.3.rel1.win32_1.0.0.202411081344/tools/bin/../lib/gcc/arm-none-eabi/13.3.1/../../../../arm-none-eabi/lib/thumb/v7e-m+fp/hard\libc_nano.a(libc_a-impure.o)
                              C:/ST/STM32CubeIDE_1.19.0/STM32CubeIDE/plugins/com.st.stm32cube.ide.mcu.externaltools.gnu-tools-for-stm32.13.3.rel1.win32_1.0.0.202411081344/tools/bin/../lib/gcc/arm-none-eabi/13.3.1/../../../../arm-none-eabi/lib/thumb/v7e-m+fp/hard\libc_nano.a(libc_a-reent.o) (_impure_ptr)
C:/ST/STM32CubeIDE_1.19.0/STM32CubeIDE/plugins/com.st.stm32cube.ide.mcu.externaltools.gnu-tools-for-stm32.13.3.rel1.win32_1.0.0.202411081344/tools/bin/../lib/gcc/arm-none-eabi/13.3.1/../../../../arm-none-eabi/lib/thumb/v7e-m+fp/hard\libc_nano.a(libc_a-lseekr.o)
[...]
Memory Configuration

Name             Origin             Length             Attributes
RAM              0x20000000         0x00020000         xrw
FLASH            0x08000000         0x00080000         xr
*default*        0x00000000         0xffffffff

Linker script and memory map

LOAD C:/ST/STM32CubeIDE_1.19.0/STM32CubeIDE/plugins/com.st.stm32cube.ide.mcu.externaltools.gnu-tools-for-stm32.13.3.rel1.win32_1.0.0.202411081344/tools/bin/../lib/gcc/arm-none-eabi/13.3.1/thumb/v7e-m+fp/hard/crti.o
LOAD C:/ST/STM32CubeIDE_1.19.0/STM32CubeIDE/plugins/com.st.stm32cube.ide.mcu.externaltools.gnu-tools-for-stm32.13.3.rel1.win32_1.0.0.202411081344/tools/bin/../lib/gcc/arm-none-eabi/13.3.1/thumb/v7e-m+fp/hard/crtbegin.o
LOAD C:/ST/STM32CubeIDE_1.19.0/STM32CubeIDE/plugins/com.st.stm32cube.ide.mcu.externaltools.gnu-tools-for-stm32.13.3.rel1.win32_1.0.0.202411081344/tools/bin/../lib/gcc/arm-none-eabi/13.3.1/../../../../arm-none-eabi/lib/thumb/v7e-m+fp/hard/crt0.o
LOAD ./Src/015PWMV.o
LOAD ./Src/syscalls.o
LOAD ./Src/sysmem.o
LOAD ./Startup/startup_stm32f446retx.o
LOAD ./drivers/Src/stm32f446_adc_driver.o
LOAD ./drivers/Src/stm32f446_dma_driver.o
LOAD ./drivers/Src/stm32f446_gpio_driver.o
LOAD ./drivers/Src/stm32f446_rcc_driver.o
LOAD ./drivers/Src/stm32f446_timer_driver.o
LOAD ./drivers/Src/stm32f446_uart_driver.o
START GROUP
LOAD C:/ST/STM32CubeIDE_1.19.0/STM32CubeIDE/plugins/com.st.stm32cube.ide.mcu.externaltools.gnu-tools-for-stm32.13.3.rel1.win32_1.0.0.202411081344/tools/bin/../lib/gcc/arm-none-eabi/13.3.1/../../../../arm-none-eabi/lib/thumb/v7e-m+fp/hard\libc_nano.a
LOAD C:/ST/STM32CubeIDE_1.19.0/STM32CubeIDE/plugins/com.st.stm32cube.ide.mcu.externaltools.gnu-tools-for-stm32.13.3.rel1.win32_1.0.0.202411081344/tools/bin/../lib/gcc/arm-none-eabi/13.3.1/../../../../arm-none-eabi/lib/thumb/v7e-m+fp/hard\libm.a
END GROUP
START GROUP
LOAD C:/ST/STM32CubeIDE_1.19.0/STM32CubeIDE/plugins/com.st.stm32cube.ide.mcu.externaltools.gnu-tools-for-stm32.13.3.rel1.win32_1.0.0.202411081344/tools/bin/../lib/gcc/arm-none-eabi/13.3.1/thumb/v7e-m+fp/hard\libgcc.a
LOAD C:/ST/STM32CubeIDE_1.19.0/STM32CubeIDE/plugins/com.st.stm32cube.ide.mcu.externaltools.gnu-tools-for-stm32.13.3.rel1.win32_1.0.0.202411081344/tools/bin/../lib/gcc/arm-none-eabi/13.3.1/../../../../arm-none-eabi/lib/thumb/v7e-m+fp/hard\libc_nano.a
END GROUP
START GROUP
LOAD C:/ST/STM32CubeIDE_1.19.0/STM32CubeIDE/plugins/com.st.stm32cube.ide.mcu.externaltools.gnu-tools-for-stm32.13.3.rel1.win32_1.0.0.202411081344/tools/bin/../lib/gcc/arm-none-eabi/13.3.1/thumb/v7e-m+fp/hard\libgcc.a
LOAD C:/ST/STM32CubeIDE_1.19.0/STM32CubeIDE/plugins/com.st.stm32cube.ide.mcu.externaltools.gnu-tools-for-stm32.13.3.rel1.win32_1.0.0.202411081344/tools/bin/../lib/gcc/arm-none-eabi/13.3.1/../../../../arm-none-eabi/lib/thumb/v7e-m+fp/hard\libc_nano.a
LOAD C:/ST/STM32CubeIDE_1.19.0/STM32CubeIDE/plugins/com.st.stm32cube.ide.mcu.externaltools.gnu-tools-for-stm32.13.3.rel1.win32_1.0.0.202411081344/tools/bin/../lib/gcc/arm-none-eabi/13.3.1/../../../../arm-none-eabi/lib/thumb/v7e-m+fp/hard\libnosys.a
END GROUP
START GROUP
LOAD C:/ST/STM32CubeIDE_1.19.0/STM32CubeIDE/plugins/com.st.stm32cube.ide.mcu.externaltools.gnu-tools-for-stm32.13.3.rel1.win32_1.0.0.202411081344/tools/bin/../lib/gcc/arm-none-eabi/13.3.1/thumb/v7e-m+fp/hard\libgcc.a
LOAD C:/ST/STM32CubeIDE_1.19.0/STM32CubeIDE/plugins/com.st.stm32cube.ide.mcu.externaltools.gnu-tools-for-stm32.13.3.rel1.win32_1.0.0.202411081344/tools/bin/../lib/gcc/arm-none-eabi/13.3.1/../../../../arm-none-eabi/lib/thumb/v7e-m+fp/hard\libc_nano.a
LOAD C:/ST/STM32CubeIDE_1.19.0/STM32CubeIDE/plugins/com.st.stm32cube.ide.mcu.externaltools.gnu-tools-for-stm32.13.3.rel1.win32_1.0.0.202411081344/tools/bin/../lib/gcc/arm-none-eabi/13.3.1/../../../../arm-none-eabi/lib/thumb/v7e-m+fp/hard\libnosys.a
END GROUP
LOAD C:/ST/STM32CubeIDE_1.19.0/STM32CubeIDE/plugins/com.st.stm32cube.ide.mcu.externaltools.gnu-tools-for-stm32.13.3.rel1.win32_1.0.0.202411081344/tools/bin/../lib/gcc/arm-none-eabi/13.3.1/thumb/v7e-m+fp/hard/crtend.o
LOAD C:/ST/STM32CubeIDE_1.19.0/STM32CubeIDE/plugins/com.st.stm32cube.ide.mcu.externaltools.gnu-tools-for-stm32.13.3.rel1.win32_1.0.0.202411081344/tools/bin/../lib/gcc/arm-none-eabi/13.3.1/thumb/v7e-m+fp/hard/crtn.o
                0x20020000                        _estack = (ORIGIN (RAM) + LENGTH (RAM))
                0x00000200                        _Min_Heap_Size = 0x200
                0x00000400                        _Min_Stack_Size = 0x400

.isr_vector     0x08000000      0x1c4
                0x08000000                        . = ALIGN (0x4)
 *(.isr_vector)
 .isr_vector    0x08000000      0x1c4 ./Startup/startup_stm32f446retx.o
                0x08000000                g_pfnVectors
                0x080001c4                        . = ALIGN (0x4)

.text           0x080001c4     0x1960
                0x080001c4                        . = ALIGN (0x4)
 *(.text)
 .text          0x080001c4       0x40 C:/ST/STM32CubeIDE_1.19.0/STM32CubeIDE/plugins/com.st.stm32cube.ide.mcu.externaltools.gnu-tools-for-stm32.13.3.rel1.win32_1.0.0.202411081344/tools/bin/../lib/gcc/arm-none-eabi/13.3.1/thumb/v7e-m+fp/hard/crtbegin.o
 *(.text*)
 .text.main     0x08000204      0x238 ./Src/015PWMV.o
                0x08000204                main
 .text.TIM2_IRQHandler
                0x0800043c       0x28 ./Src/015PWMV.o
                0x0800043c                TIM2_IRQHandler
 .text.TIM3_IRQHandler
                0x08000464       0xec ./Src/015PWMV.o
                0x08000464                TIM3_IRQHandler
 .text.Reset_Handler
                0x08000550       0x50 ./Startup/startup_stm32f446retx.o
                0x08000550                Reset_Handler
 .text.Default_Handler
                0x080005a0        0x2 ./Startup/startup_stm32f446retx.o
                0x080005a0                RTC_Alarm_IRQHandler
                0x080005a0                EXTI2_IRQHandler
                0x080005a0                TIM8_CC_IRQHandler
                0x080005a0                SPDIF_Rx_IRQHandler
                0x080005a0                DebugMon_Handler
                0x080005a0                SPI4_IRQHandler
                0x080005a0                TIM1_CC_IRQHandler
                0x080005a0                QuadSPI_IRQHandler
                0x080005a0                DMA2_Stream5_IRQHandler
                0x080005a0                HardFault_Handler
                0x080005a0                DMA1_Stream5_IRQHandler
                0x080005a0                SysTick_Handler
                0x080005a0                PVD_IRQHandler
                0x080005a0                SDIO_IRQHandler
                0x080005a0                TAMP_STAMP_IRQHandler
                0x080005a0                PendSV_Handler
                0x080005a0                NMI_Handler
                0x080005a0                CAN2_RX1_IRQHandler
                0x080005a0                EXTI3_IRQHandler
                0x080005a0                TIM8_TRG_COM_TIM14_IRQHandler
                0x080005a0                TIM1_UP_TIM10_IRQHandler
                0x080005a0                FMPI2C1_error_IRQHandler
                0x080005a0                TIM8_UP_TIM13_IRQHandler
                0x080005a0                I2C3_ER_IRQHandler
                0x080005a0                EXTI0_IRQHandler
                0x080005a0                I2C2_EV_IRQHandler
                0x080005a0                DMA1_Stream2_IRQHandler
                0x080005a0                CAN1_RX0_IRQHandler
                0x080005a0                OTG_HS_WKUP_IRQHandler
                0x080005a0                UsageFault_Handler
                0x080005a0                CAN2_SCE_IRQHandler
                0x080005a0                DMA2_Stream2_IRQHandler
                0x080005a0                SPI1_IRQHandler
                0x080005a0                TIM6_DAC_IRQHandler
                0x080005a0                TIM1_BRK_TIM9_IRQHandler
                0x080005a0                DCMI_IRQHandler
                0x080005a0                CAN2_RX0_IRQHandler
                0x080005a0                DMA2_Stream3_IRQHandler
                0x080005a0                FMPI2C1_IRQHandler
                0x080005a0                SAI2_IRQHandler
                0x080005a0                USART6_IRQHandler
                0x080005a0                USART3_IRQHandler
                0x080005a0                CAN1_RX1_IRQHandler
                0x080005a0                UART5_IRQHandler
                0x080005a0                DMA2_Stream0_IRQHandler
                0x080005a0                TIM4_IRQHandler
                0x080005a0                I2C1_EV_IRQHandler
                0x080005a0                HDMI_CEC_IRQHandler
                0x080005a0                DMA1_Stream6_IRQHandler
                0x080005a0                DMA1_Stream1_IRQHandler
                0x080005a0                UART4_IRQHandler
                0x080005a0                RCC_IRQHandler
                0x080005a0                TIM8_BRK_TIM12_IRQHandler
                0x080005a0                Default_Handler
                0x080005a0                EXTI15_10_IRQHandler
                0x080005a0                ADC_IRQHandler
                0x080005a0                DMA1_Stream7_IRQHandler
                0x080005a0                TIM7_IRQHandler
                0x080005a0                CAN2_TX_IRQHandler
                0x080005a0                TIM5_IRQHandler
                0x080005a0                DMA2_Stream7_IRQHandler
                0x080005a0                I2C3_EV_IRQHandler
                0x080005a0                EXTI9_5_IRQHandler
                0x080005a0                RTC_WKUP_IRQHandler
                0x080005a0                SPI2_IRQHandler
                0x080005a0                OTG_HS_EP1_IN_IRQHandler
                0x080005a0                MemManage_Handler
                0x080005a0                DMA1_Stream0_IRQHandler
                0x080005a0                CAN1_TX_IRQHandler
                0x080005a0                SVC_Handler
                0x080005a0                EXTI4_IRQHandler
                0x080005a0                OTG_HS_EP1_OUT_IRQHandler
                0x080005a0                WWDG_IRQHandler
                0x080005a0                OTG_FS_WKUP_IRQHandler
                0x080005a0                TIM1_TRG_COM_TIM11_IRQHandler
                0x080005a0                OTG_HS_IRQHandler
                0x080005a0                EXTI1_IRQHandler
                0x080005a0                USART2_IRQHandler
                0x080005a0                I2C2_ER_IRQHandler
                0x080005a0                DMA2_Stream1_IRQHandler
                0x080005a0                CAN1_SCE_IRQHandler
                0x080005a0                FLASH_IRQHandler
                0x080005a0                DMA2_Stream4_IRQHandler
                0x080005a0                BusFault_Handler
                0x080005a0                USART1_IRQHandler
                0x080005a0                OTG_FS_IRQHandler
                0x080005a0                SPI3_IRQHandler
                0x080005a0                DMA1_Stream4_IRQHandler
                0x080005a0                I2C1_ER_IRQHandler
                0x080005a0                FMC_IRQHandler
                0x080005a0                DMA2_Stream6_IRQHandler
                0x080005a0                SAI1_IRQHandler
                0x080005a0                DMA1_Stream3_IRQHandler
 *fill*         0x080005a2        0x2 
 .text.ADC_PeriClockControl
                0x080005a4       0xb0 ./drivers/Src/stm32f446_adc_driver.o
                0x080005a4                ADC_PeriClockControl
 .text.ADC_Init
                0x08000654      0x1f4 ./drivers/Src/stm32f446_adc_driver.o
                0x08000654                ADC_Init
 .text.ADC_ChannelConfig
                0x08000848       0x8e ./drivers/Src/stm32f446_adc_driver.o
                0x08000848                ADC_ChannelConfig
 .text.ADC_ConfigSequence
                0x080008d6      0x108 ./drivers/Src/stm32f446_adc_driver.o
                0x080008d6                ADC_ConfigSequence
 *fill*         0x080009de        0x2 
 .text.DMA_PeriClockControl
                0x080009e0       0x80 ./drivers/Src/stm32f446_dma_driver.o
                0x080009e0                DMA_PeriClockControl
 .text.DMA_Init
                0x08000a60      0x244 ./drivers/Src/stm32f446_dma_driver.o
                0x08000a60                DMA_Init
 .text.DMA_StartTransfer
                0x08000ca4       0x48 ./drivers/Src/stm32f446_dma_driver.o
                0x08000ca4                DMA_StartTransfer
 .text.DMA_StopTransfer
                0x08000cec       0x48 ./drivers/Src/stm32f446_dma_driver.o
                0x08000cec                DMA_StopTransfer
 .text.DMA_ClearFlags
                0x08000d34       0x64 ./drivers/Src/stm32f446_dma_driver.o
                0x08000d34                DMA_ClearFlags
 .text.DMA_SetAddresses
                0x08000d98       0x7e ./drivers/Src/stm32f446_dma_driver.o
                0x08000d98                DMA_SetAddresses
 *fill*         0x08000e16        0x2 
 .text.GPIO_PeriClockControl
                0x08000e18      0x1a0 ./drivers/Src/stm32f446_gpio_driver.o
                0x08000e18                GPIO_PeriClockControl
 .text.GPIO_Init
                0x08000fb8      0x358 ./drivers/Src/stm32f446_gpio_driver.o
                0x08000fb8                GPIO_Init
 .text.SystemCLK_Config_84MHz
                0x08001310      0x134 ./drivers/Src/stm32f446_rcc_driver.o
                0x08001310                SystemCLK_Config_84MHz
 .text.TIM_PeriClockControl
                0x08001444      0x2d0 ./drivers/Src/stm32f446_timer_driver.o
                0x08001444                TIM_PeriClockControl
 .text.TIM_Init
                0x08001714      0x1f0 ./drivers/Src/stm32f446_timer_driver.o
                0x08001714                TIM_Init
 .text.TIM_Start
                0x08001904       0x24 ./drivers/Src/stm32f446_timer_driver.o
                0x08001904                TIM_Start
 .text.TIM_IRQInterruptConfig
                0x08001928      0x10c ./drivers/Src/stm32f446_timer_driver.o
                0x08001928                TIM_IRQInterruptConfig
 .text.TIM_IRQPriorityConfig
                0x08001a34       0x5c ./drivers/Src/stm32f446_timer_driver.o
                0x08001a34                TIM_IRQPriorityConfig
 .text.TIM_IRQHandling
                0x08001a90       0x32 ./drivers/Src/stm32f446_timer_driver.o
                0x08001a90                TIM_IRQHandling
 *fill*         0x08001ac2        0x2 
 .text.__libc_init_array
                0x08001ac4       0x48 C:/ST/STM32CubeIDE_1.19.0/STM32CubeIDE/plugins/com.st.stm32cube.ide.mcu.externaltools.gnu-tools-for-stm32.13.3.rel1.win32_1.0.0.202411081344/tools/bin/../lib/gcc/arm-none-eabi/13.3.1/../../../../arm-none-eabi/lib/thumb/v7e-m+fp/hard\libc_nano.a(libc_a-init.o)
                0x08001ac4                __libc_init_array
 *(.glue_7)
 .glue_7        0x08001b0c        0x0 linker stubs
 *(.glue_7t)
 .glue_7t       0x08001b0c        0x0 linker stubs
 *(.eh_frame)
 .eh_frame      0x08001b0c        0x0 C:/ST/STM32CubeIDE_1.19.0/STM32CubeIDE/plugins/com.st.stm32cube.ide.mcu.externaltools.gnu-tools-for-stm32.13.3.rel1.win32_1.0.0.202411081344/tools/bin/../lib/gcc/arm-none-eabi/13.3.1/thumb/v7e-m+fp/hard/crtbegin.o
 *(.init)
 .init          0x08001b0c        0x4 C:/ST/STM32CubeIDE_1.19.0/STM32CubeIDE/plugins/com.st.stm32cube.ide.mcu.externaltools.gnu-tools-for-stm32.13.3.rel1.win32_1.0.0.202411081344/tools/bin/../lib/gcc/arm-none-eabi/13.3.1/thumb/v7e-m+fp/hard/crti.o
                0x08001b0c                _init
 .init          0x08001b10        0x8 C:/ST/STM32CubeIDE_1.19.0/STM32CubeIDE/plugins/com.st.stm32cube.ide.mcu.externaltools.gnu-tools-for-stm32.13.3.rel1.win32_1.0.0.202411081344/tools/bin/../lib/gcc/arm-none-eabi/13.3.1/thumb/v7e-m+fp/hard/crtn.o
 *(.fini)
 .fini          0x08001b18        0x4 C:/ST/STM32CubeIDE_1.19.0/STM32CubeIDE/plugins/com.st.stm32cube.ide.mcu.externaltools.gnu-tools-for-stm32.13.3.rel1.win32_1.0.0.202411081344/tools/bin/../lib/gcc/arm-none-eabi/13.3.1/thumb/v7e-m+fp/hard/crti.o
                0x08001b18                _fini
 .fini          0x08001b1c        0x8 C:/ST/STM32CubeIDE_1.19.0/STM32CubeIDE/plugins/com.st.stm32cube.ide.mcu.externaltools.gnu-tools-for-stm32.13.3.rel1.win32_1.0.0.202411081344/tools/bin/../lib/gcc/arm-none-eabi/13.3.1/thumb/v7e-m+fp/hard/crtn.o
                0x08001b24                        . = ALIGN (0x4)
                0x08001b24                        _etext = .

.vfp11_veneer   0x08001b24        0x0
 .vfp11_veneer  0x08001b24        0x0 linker stubs

.v4_bx          0x08001b24        0x0
 .v4_bx         0x08001b24        0x0 linker stubs

.iplt           0x08001b24        0x0
 .iplt          0x08001b24        0x0 C:/ST/STM32CubeIDE_1.19.0/STM32CubeIDE/plugins/com.st.stm32cube.ide.mcu.externaltools.gnu-tools-for-stm32.13.3.rel1.win32_1.0.0.202411081344/tools/bin/../lib/gcc/arm-none-eabi/13.3.1/thumb/v7e-m+fp/hard/crtbegin.o

.rodata         0x08001b24        0x0
                0x08001b24                        . = ALIGN (0x4)
 *(.rodata)
 *(.rodata*)
                0x08001b24                        . = ALIGN (0x4)

.ARM.extab      0x08001b24        0x0
                0x08001b24                        . = ALIGN (0x4)
 *(.ARM.extab* .gnu.linkonce.armextab.*)
                0x08001b24                        . = ALIGN (0x4)

.ARM            0x08001b24        0x0
                0x08001b24                        . = ALIGN (0x4)
                0x08001b24                        __exidx_start = .
 *(.ARM.exidx*)
                0x08001b24                        __exidx_end = .
                0x08001b24                        . = ALIGN (0x4)

.preinit_array  0x08001b24        0x0
                0x08001b24                        . = ALIGN (0x4)
                0x08001b24                        PROVIDE (__preinit_array_start = .)
 *(.preinit_array*)
                0x08001b24                        PROVIDE (__preinit_array_end = .)
                0x08001b24                        . = ALIGN (0x4)

.init_array     0x08001b24        0x4
                0x08001b24                        . = ALIGN (0x4)
                0x08001b24                        PROVIDE (__init_array_start = .)
 *(SORT_BY_NAME(.init_array.*))
 *(.init_array*)
 .init_array    0x08001b24        0x4 C:/ST/STM32CubeIDE_1.19.0/STM32CubeIDE/plugins/com.st.stm32cube.ide.mcu.externaltools.gnu-tools-for-stm32.13.3.rel1.win32_1.0.0.202411081344/tools/bin/../lib/gcc/arm-none-eabi/13.3.1/thumb/v7e-m+fp/hard/crtbegin.o
                0x08001b28                        PROVIDE (__init_array_end = .)
                0x08001b28                        . = ALIGN (0x4)

.fini_array     0x08001b28        0x4
                0x08001b28                        . = ALIGN (0x4)
                [!provide]                        PROVIDE (__fini_array_start = .)
 *(SORT_BY_NAME(.fini_array.*))
 *(.fini_array*)
 .fini_array    0x08001b28        0x4 C:/ST/STM32CubeIDE_1.19.0/STM32CubeIDE/plugins/com.st.stm32cube.ide.mcu.externaltools.gnu-tools-for-stm32.13.3.rel1.win32_1.0.0.202411081344/tools/bin/../lib/gcc/arm-none-eabi/13.3.1/thumb/v7e-m+fp/hard/crtbegin.o
                [!provide]                        PROVIDE (__fini_array_end = .)
                0x08001b2c                        . = ALIGN (0x4)
                0x08001b2c                        _sidata = LOADADDR (.data)

.rel.dyn        0x08001b2c        0x0
 .rel.iplt      0x08001b2c        0x0 C:/ST/STM32CubeIDE_1.19.0/STM32CubeIDE/plugins/com.st.stm32cube.ide.mcu.externaltools.gnu-tools-for-stm32.13.3.rel1.win32_1.0.0.202411081344/tools/bin/../lib/gcc/arm-none-eabi/13.3.1/thumb/v7e-m+fp/hard/crtbegin.o

.data           0x20000000        0x0 load address 0x08001b2c
                0x20000000                        . = ALIGN (0x4)
                0x20000000                        _sdata = .
 *(.data)
 *(.data*)
 *(.RamFunc)
 *(.RamFunc*)
                0x20000000                        . = ALIGN (0x4)
                0x20000000                        _edata = .

.igot.plt       0x20000000        0x0 load address 0x08001b2c
 .igot.plt      0x20000000        0x0 C:/ST/STM32CubeIDE_1.19.0/STM32CubeIDE/plugins/com.st.stm32cube.ide.mcu.externaltools.gnu-tools-for-stm32.13.3.rel1.win32_1.0.0.202411081344/tools/bin/../lib/gcc/arm-none-eabi/13.3.1/thumb/v7e-m+fp/hard/crtbegin.o
                0x20000000                        . = ALIGN (0x4)

.bss            0x20000000       0x44 load address 0x08001b2c
                0x20000000                        _sbss = .
                0x20000000                        __bss_start__ = _sbss
 *(.bss)
 .bss           0x20000000       0x1c C:/ST/STM32CubeIDE_1.19.0/STM32CubeIDE/plugins/com.st.stm32cube.ide.mcu.externaltools.gnu-tools-for-stm32.13.3.rel1.win32_1.0.0.202411081344/tools/bin/../lib/gcc/arm-none-eabi/13.3.1/thumb/v7e-m+fp/hard/crtbegin.o
 *(.bss*)
 .bss.pTIM      0x2000001c        0x4 ./Src/015PWMV.o
                0x2000001c                pTIM
 .bss.pGPIO     0x20000020        0x4 ./Src/015PWMV.o
                0x20000020                pGPIO
 .bss.pADC      0x20000024        0x4 ./Src/015PWMV.o
                0x20000024                pADC
 .bss.pDMA      0x20000028        0x4 ./Src/015PWMV.o
                0x20000028                pDMA
 .bss.value     0x2000002c        0x8 ./Src/015PWMV.o
                0x2000002c                value
 .bss.new       0x20000034        0x8 ./Src/015PWMV.o
                0x20000034                new
 .bss.dir.3     0x2000003c        0x1 ./Src/015PWMV.o
 *fill*         0x2000003d        0x1 
 .bss.cont.2    0x2000003e        0x2 ./Src/015PWMV.o
 .bss.current_state.1
                0x20000040        0x1 ./Src/015PWMV.o
 .bss.last_state.0
                0x20000041        0x1 ./Src/015PWMV.o
 *(COMMON)
                0x20000044                        . = ALIGN (0x4)
 *fill*         0x20000042        0x2 
                0x20000044                        _ebss = .
                0x20000044                        __bss_end__ = _ebss

._user_heap_stack
                0x20000044      0x604 load address 0x08001b2c
                0x20000048                        . = ALIGN (0x8)
 *fill*         0x20000044        0x4 
                [!provide]                        PROVIDE (end = .)
                0x20000048                        PROVIDE (_end = .)
                0x20000248                        . = (. + _Min_Heap_Size)
 *fill*         0x20000048      0x200 
                0x20000648                        . = (. + _Min_Stack_Size)
 *fill*         0x20000248      0x400 
                0x20000648                        . = ALIGN (0x8)

/DISCARD/
 libc.a(*)
 libm.a(*)
 libgcc.a(*)

.ARM.attributes
                0x00000000       0x30
 *(.ARM.attributes)
 .ARM.attributes
                0x00000000       0x22 C:/ST/STM32CubeIDE_1.19.0/STM32CubeIDE/plugins/com.st.stm32cube.ide.mcu.externaltools.gnu-tools-for-stm32.13.3.rel1.win32_1.0.0.202411081344/tools/bin/../lib/gcc/arm-none-eabi/13.3.1/thumb/v7e-m+fp/hard/crti.o
 .ARM.attributes
                0x00000022       0x34 C:/ST/STM32CubeIDE_1.19.0/STM32CubeIDE/plugins/com.st.stm32cube.ide.mcu.externaltools.gnu-tools-for-stm32.13.3.rel1.win32_1.0.0.202411081344/tools/bin/../lib/gcc/arm-none-eabi/13.3.1/thumb/v7e-m+fp/hard/crtbegin.o
 .ARM.attributes
                0x00000056       0x34 ./Src/015PWMV.o
 .ARM.attributes
                0x0000008a       0x21 ./Startup/startup_stm32f446retx.o
 .ARM.attributes
                0x000000ab       0x34 ./drivers/Src/stm32f446_adc_driver.o
 .ARM.attributes
                0x000000df       0x34 ./drivers/Src/stm32f446_dma_driver.o
 .ARM.attributes
                0x00000113       0x34 ./drivers/Src/stm32f446_gpio_driver.o
 .ARM.attributes
                0x00000147       0x34 ./drivers/Src/stm32f446_rcc_driver.o
 .ARM.attributes
                0x0000017b       0x34 ./drivers/Src/stm32f446_timer_driver.o
 .ARM.attributes
                0x000001af       0x34 C:/ST/STM32CubeIDE_1.19.0/STM32CubeIDE/plugins/com.st.stm32cube.ide.mcu.externaltools.gnu-tools-for-stm32.13.3.rel1.win32_1.0.0.202411081344/tools/bin/../lib/gcc/arm-none-eabi/13.3.1/../../../../arm-none-eabi/lib/thumb/v7e-m+fp/hard\libc_nano.a(libc_a-init.o)
 .ARM.attributes
                0x000001e3       0x22 C:/ST/STM32CubeIDE_1.19.0/STM32CubeIDE/plugins/com.st.stm32cube.ide.mcu.externaltools.gnu-tools-for-stm32.13.3.rel1.win32_1.0.0.202411081344/tools/bin/../lib/gcc/arm-none-eabi/13.3.1/thumb/v7e-m+fp/hard/crtn.o
OUTPUT(stm32f446_drivers.elf elf32-littlearm)
LOAD linker stubs
LOAD C:/ST/STM32CubeIDE_1.19.0/STM32CubeIDE/plugins/com.st.stm32cube.ide.mcu.externaltools.gnu-tools-for-stm32.13.3.rel1.win32_1.0.0.202411081344/tools/bin/../lib/gcc/arm-none-eabi/13.3.1/../../../../arm-none-eabi/lib/thumb/v7e-m+fp/hard\libc.a
LOAD C:/ST/STM32CubeIDE_1.19.0/STM32CubeIDE/plugins/com.st.stm32cube.ide.mcu.externaltools.gnu-tools-for-stm32.13.3.rel1.win32_1.0.0.202411081344/tools/bin/../lib/gcc/arm-none-eabi/13.3.1/../../../../arm-none-eabi/lib/thumb/v7e-m+fp/hard\libm.a
LOAD C:/ST/STM32CubeIDE_1.19.0/STM32CubeIDE/plugins/com.st.stm32cube.ide.mcu.externaltools.gnu-tools-for-stm32.13.3.rel1.win32_1.0.0.202411081344/tools/bin/../lib/gcc/arm-none-eabi/13.3.1/thumb/v7e-m+fp/hard\libgcc.a

.debug_info     0x00000000     0x2c4c
 .debug_info    0x00000000      0xa46 ./Src/015PWMV.o
 .debug_info    0x00000a46       0x30 ./Startup/startup_stm32f446retx.o
 .debug_info    0x00000a76      0x820 ./drivers/Src/stm32f446_adc_driver.o
 .debug_info    0x00001296      0x742 ./drivers/Src/stm32f446_dma_driver.o
 .debug_info    0x000019d8      0x783 ./drivers/Src/stm32f446_gpio_driver.o
 .debug_info    0x0000215b      0x4a6 ./drivers/Src/stm32f446_rcc_driver.o
 .debug_info    0x00002601      0x64b ./drivers/Src/stm32f446_timer_driver.o

.debug_abbrev   0x00000000      0x9d3
 .debug_abbrev  0x00000000      0x1a9 ./Src/015PWMV.o
 .debug_abbrev  0x000001a9       0x24 ./Startup/startup_stm32f446retx.o
 .debug_abbrev  0x000001cd      0x1fa ./drivers/Src/stm32f446_adc_driver.o
 .debug_abbrev  0x000003c7      0x1ba ./drivers/Src/stm32f446_dma_driver.o
 .debug_abbrev  0x00000581      0x171 ./drivers/Src/stm32f446_gpio_driver.o
 .debug_abbrev  0x000006f2      0x152 ./drivers/Src/stm32f446_rcc_driver.o
 .debug_abbrev  0x00000844      0x18f ./drivers/Src/stm32f446_timer_driver.o

.debug_aranges  0x00000000      0x250
 .debug_aranges
                0x00000000       0x30 ./Src/015PWMV.o
 .debug_aranges
                0x00000030       0x28 ./Startup/startup_stm32f446retx.o
 .debug_aranges
                0x00000058       0x90 ./drivers/Src/stm32f446_adc_driver.o
 .debug_aranges
                0x000000e8       0x70 ./drivers/Src/stm32f446_dma_driver.o
 .debug_aranges
                0x00000158       0x70 ./drivers/Src/stm32f446_gpio_driver.o
 .debug_aranges
                0x000001c8       0x30 ./drivers/Src/stm32f446_rcc_driver.o
 .debug_aranges
                0x000001f8       0x58 ./drivers/Src/stm32f446_timer_driver.o

.debug_rnglists
                0x00000000      0x1b1
 .debug_rnglists
                0x00000000       0x21 ./Src/015PWMV.o
 .debug_rnglists
                0x00000021       0x19 ./Startup/startup_stm32f446retx.o
 .debug_rnglists
                0x0000003a       0x6d ./drivers/Src/stm32f446_adc_driver.o
 .debug_rnglists
                0x000000a7       0x54 ./drivers/Src/stm32f446_dma_driver.o
 .debug_rnglists
                0x000000fb       0x53 ./drivers/Src/stm32f446_gpio_driver.o
 .debug_rnglists
                0x0000014e       0x22 ./drivers/Src/stm32f446_rcc_driver.o
 .debug_rnglists
                0x00000170       0x41 ./drivers/Src/stm32f446_timer_driver.o

.debug_macro    0x00000000     0x24dd
 .debug_macro   0x00000000       0xc7 ./Src/015PWMV.o
 .debug_macro   0x000000c7      0xae4 ./Src/015PWMV.o
 .debug_macro   0x00000bab      0x190 ./Src/015PWMV.o
 .debug_macro   0x00000d3b       0x22 ./Src/015PWMV.o
 .debug_macro   0x00000d5d       0x8e ./Src/015PWMV.o
 .debug_macro   0x00000deb       0x51 ./Src/015PWMV.o
 .debug_macro   0x00000e3c      0x103 ./Src/015PWMV.o
 .debug_macro   0x00000f3f       0x6a ./Src/015PWMV.o
 .debug_macro   0x00000fa9      0x1df ./Src/015PWMV.o
 .debug_macro   0x00001188      0x8c8 ./Src/015PWMV.o
 .debug_macro   0x00001a50       0xc4 ./Src/015PWMV.o
 .debug_macro   0x00001b14       0x22 ./Src/015PWMV.o
 .debug_macro   0x00001b36       0x70 ./Src/015PWMV.o
 .debug_macro   0x00001ba6       0xa6 ./Src/015PWMV.o
 .debug_macro   0x00001c4c      0x124 ./Src/015PWMV.o
 .debug_macro   0x00001d70      0x132 ./Src/015PWMV.o
 .debug_macro   0x00001ea2       0xcb ./drivers/Src/stm32f446_adc_driver.o
 .debug_macro   0x00001f6d      0x11e ./drivers/Src/stm32f446_adc_driver.o
 .debug_macro   0x0000208b       0xcb ./drivers/Src/stm32f446_dma_driver.o
 .debug_macro   0x00002156       0xa0 ./drivers/Src/stm32f446_dma_driver.o
 .debug_macro   0x000021f6       0xcb ./drivers/Src/stm32f446_gpio_driver.o
 .debug_macro   0x000022c1       0x1c ./drivers/Src/stm32f446_gpio_driver.o
 .debug_macro   0x000022dd       0xcb ./drivers/Src/stm32f446_rcc_driver.o
 .debug_macro   0x000023a8       0xcb ./drivers/Src/stm32f446_timer_driver.o
 .debug_macro   0x00002473       0x6a ./drivers/Src/stm32f446_timer_driver.o

.debug_line     0x00000000     0x3a68
 .debug_line    0x00000000      0x6a6 ./Src/015PWMV.o
 .debug_line    0x000006a6       0x7b ./Startup/startup_stm32f446retx.o
 .debug_line    0x00000721      0xbc2 ./drivers/Src/stm32f446_adc_driver.o
 .debug_line    0x000012e3      0xb27 ./drivers/Src/stm32f446_dma_driver.o
 .debug_line    0x00001e0a      0xaca ./drivers/Src/stm32f446_gpio_driver.o
 .debug_line    0x000028d4      0x723 ./drivers/Src/stm32f446_rcc_driver.o
 .debug_line    0x00002ff7      0xa71 ./drivers/Src/stm32f446_timer_driver.o

.debug_str      0x00000000     0x8e30
 .debug_str     0x00000000     0x8e30 ./Src/015PWMV.o
                               0x89c9 (size before relaxing)
 .debug_str     0x00008e30       0x75 ./Startup/startup_stm32f446retx.o
 .debug_str     0x00008e30     0x8828 ./drivers/Src/stm32f446_adc_driver.o
 .debug_str     0x00008e30     0x87c9 ./drivers/Src/stm32f446_dma_driver.o
 .debug_str     0x00008e30     0x8786 ./drivers/Src/stm32f446_gpio_driver.o
 .debug_str     0x00008e30     0x85c3 ./drivers/Src/stm32f446_rcc_driver.o
 .debug_str     0x00008e30     0x86ee ./drivers/Src/stm32f446_timer_driver.o

.comment        0x00000000       0x43
 .comment       0x00000000       0x43 ./Src/015PWMV.o
                                 0x44 (size before relaxing)
 .comment       0x00000043       0x44 ./drivers/Src/stm32f446_adc_driver.o
 .comment       0x00000043       0x44 ./drivers/Src/stm32f446_dma_driver.o
 .comment       0x00000043       0x44 ./drivers/Src/stm32f446_gpio_driver.o
 .comment       0x00000043       0x44 ./drivers/Src/stm32f446_rcc_driver.o
 .comment       0x00000043       0x44 ./drivers/Src/stm32f446_timer_driver.o

.debug_frame    0x00000000      0x854
 .debug_frame   0x00000000       0x68 ./Src/015PWMV.o
 .debug_frame   0x00000068      0x25c ./drivers/Src/stm32f446_adc_driver.o
 .debug_frame   0x000002c4      0x1c8 ./drivers/Src/stm32f446_dma_driver.o
 .debug_frame   0x0000048c      0x1c8 ./drivers/Src/stm32f446_gpio_driver.o
 .debug_frame   0x00000654       0x88 ./drivers/Src/stm32f446_rcc_driver.o
 .debug_frame   0x000006dc      0x14c ./drivers/Src/stm32f446_timer_driver.o
 .debug_frame   0x00000828       0x2c C:/ST/STM32CubeIDE_1.19.0/STM32CubeIDE/plugins/com.st.stm32cube.ide.mcu.externaltools.gnu-tools-for-stm32.13.3.rel1.win32_1.0.0.202411081344/tools/bin/../lib/gcc/arm-none-eabi/13.3.1/../../../../arm-none-eabi/lib/thumb/v7e-m+fp/hard\libc_nano.a(libc_a-init.o)

.debug_line_str
                0x00000000       0x59
 .debug_line_str
                0x00000000       0x59 ./Startup/startup_stm32f446retx.o
