14:38:05 **** Build of configuration Debug for project stm32f446_drivers ****
make -j12 all 
arm-none-eabi-gcc "../drivers/Src/stm32f446_adc_driver.c" -mcpu=cortex-m4 -std=gnu11 -g3 -DDEBUG -DSTM32 -DSTM32F4 -DSTM32F446RETx -DNUCLEO_F446RE -c -I"C:/Isaac/STM32Excercises/MCU1/stm32f446_drivers/drivers/Inc" -I../Inc -O0 -ffunction-sections -fdata-sections -Wall -mfpu=fpv4-sp-d16 -mfloat-abi=hard -fstack-usage -fcyclomatic-complexity -MMD -MP -MF"drivers/Src/stm32f446_adc_driver.d" -MT"drivers/Src/stm32f446_adc_driver.o" --specs=nano.specs -mfpu=fpv4-sp-d16 -mfloat-abi=hard -mthumb -o "drivers/Src/stm32f446_adc_driver.o"
arm-none-eabi-gcc "../drivers/Src/stm32f446_dma_driver.c" -mcpu=cortex-m4 -std=gnu11 -g3 -DDEBUG -DSTM32 -DSTM32F4 -DSTM32F446RETx -DNUCLEO_F446RE -c -I"C:/Isaac/STM32Excercises/MCU1/stm32f446_drivers/drivers/Inc" -I../Inc -O0 -ffunction-sections -fdata-sections -Wall -mfpu=fpv4-sp-d16 -mfloat-abi=hard -fstack-usage -fcyclomatic-complexity -MMD -MP -MF"drivers/Src/stm32f446_dma_driver.d" -MT"drivers/Src/stm32f446_dma_driver.o" --specs=nano.specs -mfpu=fpv4-sp-d16 -mfloat-abi=hard -mthumb -o "drivers/Src/stm32f446_dma_driver.o"
arm-none-eabi-gcc "../drivers/Src/stm32f446_gpio_driver.c" -mcpu=cortex-m4 -std=gnu11 -g3 -DDEBUG -DSTM32 -DSTM32F4 -DSTM32F446RETx -DNUCLEO_F446RE -c -I"C:/Isaac/STM32Excercises/MCU1/stm32f446_drivers/drivers/Inc" -I../Inc -O0 -ffunction-sections -fdata-sections -Wall -mfpu=fpv4-sp-d16 -mfloat-abi=hard -fstack-usage -fcyclomatic-complexity -MMD -MP -MF"drivers/Src/stm32f446_gpio_driver.d" -MT"drivers/Src/stm32f446_gpio_driver.o" --specs=nano.specs -mfpu=fpv4-sp-d16 -mfloat-abi=hard -mthumb -o "drivers/Src/stm32f446_gpio_driver.o"
arm-none-eabi-gcc "../drivers/Src/stm32f446_rcc_driver.c" -mcpu=cortex-m4 -std=gnu11 -g3 -DDEBUG -DSTM32 -DSTM32F4 -DSTM32F446RETx -DNUCLEO_F446RE -c -I"C:/Isaac/STM32Excercises/MCU1/stm32f446_drivers/drivers/Inc" -I../Inc -O0 -ffunction-sections -fdata-sections -Wall -mfpu=fpv4-sp-d16 -mfloat-abi=hard -fstack-usage -fcyclomatic-complexity -MMD -MP -MF"drivers/Src/stm32f446_rcc_driver.d" -MT"drivers/Src/stm32f446_rcc_driver.o" --specs=nano.specs -mfpu=fpv4-sp-d16 -mfloat-abi=hard -mthumb -o "drivers/Src/stm32f446_rcc_driver.o"
arm-none-eabi-gcc "../drivers/Src/stm32f446_timer_driver.c" -mcpu=cortex-m4 -std=gnu11 -g3 -DDEBUG -DSTM32 -DSTM32F4 -DSTM32F446RETx -DNUCLEO_F446RE -c -I"C:/Isaac/STM32Excercises/MCU1/stm32f446_drivers/drivers/Inc" -I../Inc -O0 -ffunction-sections -fdata-sections -Wall -mfpu=fpv4-sp-d16 -mfloat-abi=hard -fstack-usage -fcyclomatic-complexity -MMD -MP -MF"drivers/Src/stm32f446_timer_driver.d" -MT"drivers/Src/stm32f446_timer_driver.o" --specs=nano.specs -mfpu=fpv4-sp-d16 -mfloat-abi=hard -mthumb -o "drivers/Src/stm32f446_timer_driver.o"
arm-none-eabi-gcc "../drivers/Src/stm32f446_uart_driver.c" -mcpu=cortex-m4 -std=gnu11 -g3 -DDEBUG -DSTM32 -DSTM32F4 -DSTM32F446RETx -DNUCLEO_F446RE -c -I"C:/Isaac/STM32Excercises/MCU1/stm32f446_drivers/drivers/Inc" -I../Inc -O0 -ffunction-sections -fdata-sections -Wall -mfpu=fpv4-sp-d16 -mfloat-abi=hard -fstack-usage -fcyclomatic-complexity -MMD -MP -MF"drivers/Src/stm32f446_uart_driver.d" -MT"drivers/Src/stm32f446_uart_driver.o" --specs=nano.specs -mfpu=fpv4-sp-d16 -mfloat-abi=hard -mthumb -o "drivers/Src/stm32f446_uart_driver.o"
arm-none-eabi-gcc -mcpu=cortex-m4 -g3 -DDEBUG -c -x assembler-with-cpp -MMD -MP -MF"Startup/startup_stm32f446retx.d" -MT"Startup/startup_stm32f446retx.o" --specs=nano.specs -mfpu=fpv4-sp-d16 -mfloat-abi=hard -mthumb -o "Startup/startup_stm32f446retx.o" "../Startup/startup_stm32f446retx.s"
arm-none-eabi-gcc "../Src/015PWMV.c" -mcpu=cortex-m4 -std=gnu11 -g3 -DDEBUG -DSTM32 -DSTM32F4 -DSTM32F446RETx -DNUCLEO_F446RE -c -I"C:/Isaac/STM32Excercises/MCU1/stm32f446_drivers/drivers/Inc" -I../Inc -O0 -ffunction-sections -fdata-sections -Wall -mfpu=fpv4-sp-d16 -mfloat-abi=hard -fstack-usage -fcyclomatic-complexity -MMD -MP -MF"Src/015PWMV.d" -MT"Src/015PWMV.o" --specs=nano.specs -mfpu=fpv4-sp-d16 -mfloat-abi=hard -mthumb -o "Src/015PWMV.o"
arm-none-eabi-gcc "../Src/syscalls.c" -mcpu=cortex-m4 -std=gnu11 -g3 -DDEBUG -DSTM32 -DSTM32F4 -DSTM32F446RETx -DNUCLEO_F446RE -c -I"C:/Isaac/STM32Excercises/MCU1/stm32f446_drivers/drivers/Inc" -I../Inc -O0 -ffunction-sections -fdata-sections -Wall -mfpu=fpv4-sp-d16 -mfloat-abi=hard -fstack-usage -fcyclomatic-complexity -MMD -MP -MF"Src/syscalls.d" -MT"Src/syscalls.o" --specs=nano.specs -mfpu=fpv4-sp-d16 -mfloat-abi=hard -mthumb -o "Src/syscalls.o"
arm-none-eabi-gcc "../Src/sysmem.c" -mcpu=cortex-m4 -std=gnu11 -g3 -DDEBUG -DSTM32 -DSTM32F4 -DSTM32F446RETx -DNUCLEO_F446RE -c -I"C:/Isaac/STM32Excercises/MCU1/stm32f446_drivers/drivers/Inc" -I../Inc -O0 -ffunction-sections -fdata-sections -Wall -mfpu=fpv4-sp-d16 -mfloat-abi=hard -fstack-usage -fcyclomatic-complexity -MMD -MP -MF"Src/sysmem.d" -MT"Src/sysmem.o" --specs=nano.specs -mfpu=fpv4-sp-d16 -mfloat-abi=hard -mthumb -o "Src/sysmem.o"
arm-none-eabi-gcc -o "stm32f446_drivers.elf" @"objects.list"   -mcpu=cortex-m4 -T"C:\Isaac\STM32Excercises\MCU1\stm32f446_drivers\STM32F446RETX_FLASH.ld" --specs=nosys.specs -Wl,-Map="stm32f446_drivers.map" -Wl,--gc-sections -static --specs=nano.specs -mfpu=fpv4-sp-d16 -mfloat-abi=hard -mthumb -Wl,--start-group -lc -lm -Wl,--end-group
Finished building target: stm32f446_drivers.elf
 
arm-none-eabi-size  stm32f446_drivers.elf 
arm-none-eabi-objdump -h -S stm32f446_drivers.elf  > "stm32f446_drivers.list"
   text	   data	    bss	    dec	    hex	filename
   6956	      0	   1608	   8564	   2174	stm32f446_drivers.elf
Finished building: default.size.stdout
 
Finished building: stm32f446_drivers.list
 

14:38:06 Build Finished. 0 errors, 0 warnings. (took 1s.628ms)

