../drivers/Src/stm32f446_uart_driver.c:4:6:USART_ClearTCFlag	16	static
../drivers/Src/stm32f446_uart_driver.c:15:6:USART_ClearIDLEFlag	24	static
../drivers/Src/stm32f446_uart_driver.c:23:6:USART_ClearOREFlag	16	static
../drivers/Src/stm32f446_uart_driver.c:28:6:USART_SetBaudRate	40	static
../drivers/Src/stm32f446_uart_driver.c:95:6:USART_PClkC	16	static
../drivers/Src/stm32f446_uart_driver.c:146:6:USART_Init	24	static
../drivers/Src/stm32f446_uart_driver.c:242:6:USART_DeInit	16	static
../drivers/Src/stm32f446_uart_driver.c:265:9:USART_GetFlagStatus	16	static
../drivers/Src/stm32f446_uart_driver.c:275:6:USART_ClearFlag	16	static
../drivers/Src/stm32f446_uart_driver.c:284:6:USART_SendData	32	static
../drivers/Src/stm32f446_uart_driver.c:330:6:USART_ReceiveData	32	static
../drivers/Src/stm32f446_uart_driver.c:391:6:USART_ReceiveDataUntil	32	static
../drivers/Src/stm32f446_uart_driver.c:455:9:USART_SendDataWithIT	32	static
../drivers/Src/stm32f446_uart_driver.c:478:9:USART_ReceiveDataWithIT	32	static
../drivers/Src/stm32f446_uart_driver.c:500:6:USART_IRQITConfig	48	static
../drivers/Src/stm32f446_uart_driver.c:511:6:USART_IRQPriorityConfig	24	static
../drivers/Src/stm32f446_uart_driver.c:533:6:USART_IRQHandling	32	static
../drivers/Src/stm32f446_uart_driver.c:833:6:USART_PeripheralControl	16	static
../drivers/Src/stm32f446_uart_driver.c:844:13:USART_ApplicationEventCallback	16	static
